// Jest Snapshot v1, https://goo.gl/fbAQLP

exports[`block.njk 1`] = `
<!-- These should fit on a single line -->

<h1>Hello, world!</h1>
<title>
  {{ title }} | {{ site.title }}
</title>

<!-- This should break -->

<p>If you're seeing this modal after clicking the button on the page, Bootstrap's CSS and JS are both working properly.</p>
~~~~~~~~~~~~~~~~~~~~~~~~~~~~~~~~~~~~~~~~~~~~~~~~~~~~~~~~~~~~~~~~~~~~~~~~~~~~~~~~
<!-- These should fit on a single line -->

<h1>Hello, world!</h1>
<title>{{ title }} | {{ site.title }}</title>

<!-- This should break -->

<p>
  If you're seeing this modal after clicking the button on the page, Bootstrap's
  CSS and JS are both working properly.
</p>

`;

exports[`breaking-attributes.njk 1`] = `
<input type="email" name="email" id="email" class="form-control form-control--large form-control--email">

<!-- Block element -->
<div class="modal fade" id="exampleModal" tabindex="-1" role="dialog" aria-labelledby="exampleModalLabel" aria-hidden="true">
        Success!
</div>

<!-- Inline element -->
<span class="modal fade" id="exampleModal" tabindex="-1" role="dialog" aria-labelledby="exampleModalLabel" aria-hidden="true">
        Success!
</span>

<!-- Empty block -->
<div class="modal fade" id="exampleModal" tabindex="-1" role="dialog" aria-labelledby="exampleModalLabel" aria-hidden="true">

</div>

<!-- Empty inline -->
<span class="modal fade" id="exampleModal" tabindex="-1" role="dialog" aria-labelledby="exampleModalLabel" aria-hidden="true">

</span>
~~~~~~~~~~~~~~~~~~~~~~~~~~~~~~~~~~~~~~~~~~~~~~~~~~~~~~~~~~~~~~~~~~~~~~~~~~~~~~~~
<input
  type="email"
  name="email"
  id="email"
  class="form-control form-control--large form-control--email"
/>

<!-- Block element -->
<div
  class="modal fade"
  id="exampleModal"
  tabindex="-1"
  role="dialog"
  aria-labelledby="exampleModalLabel"
  aria-hidden="true"
>
  Success!
</div>

<!-- Inline element -->
<span
  class="modal fade"
  id="exampleModal"
  tabindex="-1"
  role="dialog"
  aria-labelledby="exampleModalLabel"
  aria-hidden="true"
>
  Success!
</span>

<!-- Empty block -->
<div
  class="modal fade"
  id="exampleModal"
  tabindex="-1"
  role="dialog"
  aria-labelledby="exampleModalLabel"
  aria-hidden="true"
></div>

<!-- Empty inline -->
<span
  class="modal fade"
  id="exampleModal"
  tabindex="-1"
  role="dialog"
  aria-labelledby="exampleModalLabel"
  aria-hidden="true"
></span>

`;
